GAS LISTING /tmp/ccdCPGMp.s 			page 1


   1              		.file	"doNothing.c"
   2              		.text
   3              	.Ltext0:
   4              		.globl	main
   6              	main:
   7              	.LFB0:
   8              		.file 1 "doNothing.c"
   1:doNothing.c   **** int main(void) {
   9              		.loc 1 1 0
  10              		.cfi_startproc
  11 0000 55       		pushq	%rbp
  12              	.LCFI0:
  13              		.cfi_def_cfa_offset 16
  14              		.cfi_offset 6, -16
  15 0001 4889E5   		movq	%rsp, %rbp
  16              	.LCFI1:
  17              		.cfi_def_cfa_register 6
   2:doNothing.c   ****     return 0;
  18              		.loc 1 2 0
  19 0004 B8000000 		movl	$0, %eax
  19      00
   3:doNothing.c   **** }
  20              		.loc 1 3 0
  21 0009 5D       		popq	%rbp
  22              	.LCFI2:
  23              		.cfi_def_cfa 7, 8
  24 000a C3       		ret
  25              		.cfi_endproc
  26              	.LFE0:
  28              	.Letext0:
GAS LISTING /tmp/ccdCPGMp.s 			page 2


DEFINED SYMBOLS
                            *ABS*:0000000000000000 doNothing.c
     /tmp/ccdCPGMp.s:6      .text:0000000000000000 main

NO UNDEFINED SYMBOLS
